<!DOCTYPE html>
<html><!--Version: dev - will be overriden in release builds-->
  <head>
    <meta name="viewport" content="width=device-width, initial-scale=1.0"/>
    <meta name="og:site_name" content="The Swift Package Index"/>
    <link rel="canonical" href="http://localhost:8080/"/>
    <meta name="twitter:url" content="http://localhost:8080/"/>
    <meta name="og:url" content="http://localhost:8080/"/>
    <title>Privacy &amp; Cookies &ndash; Swift Package Index</title>
    <meta name="twitter:title" content="Privacy & Cookies &ndash; Swift Package Index"/>
    <meta name="og:title" content="Privacy & Cookies &ndash; Swift Package Index"/>
    <meta name="description" content="The Swift Package Index and your privacy"/>
    <meta name="twitter:description" content="The Swift Package Index and your privacy"/>
    <meta name="og:description" content="The Swift Package Index and your privacy"/>
    <meta name="twitter:card" content="summary"/>
    <meta name="twitter:image" content="http://localhost:8080/images/logo.png"/>
    <meta name="og:image" content="http://localhost:8080/images/logo.png"/>
    <link rel="shortcut icon" href="/images/logo-simple.png" type="image/png"/>
    <link rel="stylesheet" href="https://cdnjs.cloudflare.com/ajax/libs/normalize/8.0.1/normalize.min.css"/>
    <link rel="stylesheet" href="https://fonts.googleapis.com/css2?family=Open+Sans:ital,wght@0,400;0,600;0,700;1,400;1,600;1,700&display=swap"/>
    <link rel="stylesheet" href="stylesheets/main.min.css?0"/>
    <link rel="alternate" type="application/rss+xml" title="Swift Package Index – Recently Added" href="http://localhost:8080/packages.rss"/>
    <link rel="alternate" type="application/rss+xml" title="Swift Package Index – Recent Releases" href="http://localhost:8080/releases.rss"/>
    <link rel="alternate" type="application/rss+xml" title="Swift Package Index – Recent Major Releases" href="http://localhost:8080/releases.rss?major=true"/>
    <link rel="alternate" type="application/rss+xml" title="Swift Package Index – Recent Major & Minor Releases" href="http://localhost:8080/releases.rss?major=true&minor=true"/>
    <link rel="alternate" type="application/rss+xml" title="Swift Package Index – Recent Pre-Releases" href="http://localhost:8080/releases.rss?pre=true"/>
    <script src="/javascripts/main.min.js?0"></script>
  </head>
  <body class="markdown">
    <div class="staging">Staging / Development</div>
    <header>
      <div class="inner">
        <a href="/">
          <h1>
            <img src="/images/logo.svg"/>Swift Package Index
          </h1>
        </a>
        <nav>
          <ul>
            <li>
              <a href="/add-a-package">Add a Package</a>
            </li>
            <li>
              <a href="/faq">FAQ</a>
            </li>
            <li>
              <a href="/">Search</a>
            </li>
          </ul>
        </nav>
      </div>
    </header>
    <main>
      <div class="inner"><h3>Your Personal Information</h3><p>This site has no user accounts and will not ask you to identify yourself.</p><h3>Data Sources and Storage</h3><p>The source of the data indexed by this site is from <a href="https://github.com/SwiftPackageIndex/PackageList/blob/main/packages.json">this packages.json</a> file, and all repositories indexed are publicly available. If you are the owner of a Swift package listed there and would like it removed from this index, please let us know by <a href="https://github.com/SwiftPackageIndex/SwiftPackageIndex-Server/issues/new/choose">creating a new GitHub issue</a>.</p><h3>Cookies and Analytics</h3><p>This site uses <a href="https://analytics.google.com">Google Analytics</a> loaded via <a href="https://tagmanager.google.com">Google Tag Manager</a> to gather usage statistics. We use no other analytics frameworks, trackers, or other cookies. All IP address information is anonymised using <a href="https://support.google.com/analytics/answer/2763052">IP anonymisation in Google Analytics</a>.</p></div>
    </main>
    <footer>
      <div class="inner">
        <nav>
          <ul>
            <li>
              <a href="https://github.com/SwiftPackageIndex/SwiftPackageIndex-Server">GitHub</a>
            </li>
            <li>
              <a href="/privacy">Privacy and Cookies</a>
            </li>
            <li>
              <a href="https://twitter.com/swiftpackages">Twitter</a>
            </li>
          </ul>
          <small>
            <a href="https://macstadium.com/">Kindly hosted by MacStadium</a>
          </small>
        </nav>
      </div>
    </footer>
    <div class="staging">Staging / Development</div>
  </body>
</html>