<!DOCTYPE html>
<html><!--Version: dev - will be overriden in release builds-->
  <head>
    <meta name="viewport" content="width=device-width, initial-scale=1.0"/>
    <meta name="og:site_name" content="The Swift Package Index"/>
    <link rel="canonical" href="http://localhost:8080/"/>
    <meta name="twitter:url" content="http://localhost:8080/"/>
    <meta name="og:url" content="http://localhost:8080/"/>
    <title>Swift Package Index</title>
    <meta name="twitter:title" content="Swift Package Index"/>
    <meta name="og:title" content="Swift Package Index"/>
    <meta name="description" content="The Swift Package Index is the place to find the best Swift packages. Indexing 2,544 packages and 38,410 versions."/>
    <meta name="twitter:description" content="The Swift Package Index is the place to find the best Swift packages. Indexing 2,544 packages and 38,410 versions."/>
    <meta name="og:description" content="The Swift Package Index is the place to find the best Swift packages. Indexing 2,544 packages and 38,410 versions."/>
    <meta name="twitter:card" content="summary"/>
    <meta name="twitter:image" content="http://localhost:8080/images/logo.png"/>
    <meta name="og:image" content="http://localhost:8080/images/logo.png"/>
    <link rel="shortcut icon" href="/images/logo-simple.png" type="image/png"/>
    <link rel="stylesheet" href="https://cdnjs.cloudflare.com/ajax/libs/normalize/8.0.1/normalize.min.css"/>
    <link rel="stylesheet" href="https://fonts.googleapis.com/css2?family=Open+Sans:ital,wght@0,400;0,600;0,700;1,400;1,600;1,700&display=swap"/>
    <link rel="stylesheet" href="http://localhost:8080/stylesheets/main.min.css?0"/>
    <link rel="alternate" type="application/rss+xml" title="Swift Package Index – Recently Added" href="http://localhost:8080/packages.rss"/>
    <link rel="alternate" type="application/rss+xml" title="Swift Package Index – Recent Releases" href="http://localhost:8080/releases.rss"/>
    <link rel="alternate" type="application/rss+xml" title="Swift Package Index – Recent Major Releases" href="http://localhost:8080/releases.rss?major=true"/>
    <link rel="alternate" type="application/rss+xml" title="Swift Package Index – Recent Major & Minor Releases" href="http://localhost:8080/releases.rss?major=true&minor=true"/>
    <link rel="alternate" type="application/rss+xml" title="Swift Package Index – Recent Pre-Releases" href="http://localhost:8080/releases.rss?pre=true"/>
    <script src="/javascripts/main.min.js?0"></script>
  </head>
  <body>
    <div class="staging">Staging / Development</div>
    <header>
      <div class="inner">
        <a href="/">
          <h1>
            <img src="http://localhost:8080/images/logo.svg"/>Swift Package Index
          </h1>
        </a>
        <nav>
          <ul>
            <li>
              <a href="/add-a-package">Add a Package</a>
            </li>
            <li>
              <a href="/faq">FAQ</a>
            </li>
          </ul>
        </nav>
      </div>
    </header>
    <noscript>
      <i class="icon warning"></i>
      <p>The search function of this site requires JavaScript.</p>
    </noscript>
    <section class="search">
      <div class="inner">
        <h3>The place to find Swift packages.</h3>
        <form>
          <textarea id="query" placeholder="Search" spellcheck="false" data-gramm="false" autofocus="true" rows="1"></textarea>
          <div id="results" hidden="true"></div>
        </form>
        <small>Indexing 2,544 packages and 38,410 versions.</small>
      </div>
    </section>
    <main>
      <div class="inner">
        <div class="recent">
          <section class="recent_packages">
            <h3>Recently Added</h3>
            <ul>
              <li>
                <a href="https://example.com/package">Package</a>
                <small>Added 2 hours ago</small>
              </li>
              <li>
                <a href="https://example.com/package">Package</a>
                <small>Added 2 hours ago</small>
              </li>
              <li>
                <a href="https://example.com/package">Package</a>
                <small>Added 2 hours ago</small>
              </li>
              <li>
                <a href="https://example.com/package">Package</a>
                <small>Added 2 hours ago</small>
              </li>
              <li>
                <a href="https://example.com/package">Package</a>
                <small>Added 2 hours ago</small>
              </li>
              <li>
                <a href="https://example.com/package">Package</a>
                <small>Added 2 hours ago</small>
              </li>
            </ul>
          </section>
          <section class="recent_releases">
            <h3>Recent Releases</h3>
            <ul>
              <li>
                <a href="https://example.com/package">Package 
                  <small>1.0.0</small>
                </a>
                <small>Released 20 minutes ago</small>
              </li>
              <li>
                <a href="https://example.com/package">Package 
                  <small>1.0.0</small>
                </a>
                <small>Released 20 minutes ago</small>
              </li>
              <li>
                <a href="https://example.com/package">Package 
                  <small>1.0.0</small>
                </a>
                <small>Released 20 minutes ago</small>
              </li>
              <li>
                <a href="https://example.com/package">Package 
                  <small>1.0.0</small>
                </a>
                <small>Released 20 minutes ago</small>
              </li>
              <li>
                <a href="https://example.com/package">Package 
                  <small>1.0.0</small>
                </a>
                <small>Released 20 minutes ago</small>
              </li>
              <li>
                <a href="https://example.com/package">Package 
                  <small>1.0.0</small>
                </a>
                <small>Released 20 minutes ago</small>
              </li>
            </ul>
          </section>
        </div>
      </div>
    </main>
    <footer>
      <div class="inner">
        <nav>
          <ul>
            <li>
              <a href="https://github.com/SwiftPackageIndex/SwiftPackageIndex-Server">GitHub</a>
            </li>
            <li>
              <a href="/privacy">Privacy and Cookies</a>
            </li>
            <li>
              <a href="https://twitter.com/swiftpackages">Twitter</a>
            </li>
          </ul>
          <small>
            <a href="https://macstadium.com/">Kindly hosted by MacStadium</a>
          </small>
        </nav>
      </div>
    </footer>
    <div class="staging">Staging / Development</div>
  </body>
</html>