<!DOCTYPE html>
<html><!--Version: dev - will be overriden in release builds-->
  <head>
    <meta name="viewport" content="width=device-width, initial-scale=1.0"/>
    <meta name="og:site_name" content="The Swift Package Index"/>
    <link rel="canonical" href="http://localhost:8080/"/>
    <meta name="twitter:url" content="http://localhost:8080/"/>
    <meta name="og:url" content="http://localhost:8080/"/>
    <title>Alamofire &ndash; Swift Package Index</title>
    <meta name="twitter:title" content="Alamofire &ndash; Swift Package Index"/>
    <meta name="og:title" content="Alamofire &ndash; Swift Package Index"/>
    <meta name="description" content="Alamofire on the Swift Package Index – Lorem ipsum dolor sit amet, consectetur adipiscing elit. Quisque quis porttitor erat. Vivamus porttitor mi odio, quis imperdiet velit blandit id. Vivamus vehicu…"/>
    <meta name="twitter:description" content="Alamofire on the Swift Package Index – Lorem ipsum dolor sit amet, consectetur adipiscing elit. Quisque quis porttitor erat. Vivamus porttitor mi odio, quis imperdiet velit blandit id. Vivamus vehicu…"/>
    <meta name="og:description" content="Alamofire on the Swift Package Index – Lorem ipsum dolor sit amet, consectetur adipiscing elit. Quisque quis porttitor erat. Vivamus porttitor mi odio, quis imperdiet velit blandit id. Vivamus vehicu…"/>
    <meta name="twitter:card" content="summary"/>
    <meta name="twitter:image" content="http://localhost:8080/images/logo.png"/>
    <meta name="og:image" content="http://localhost:8080/images/logo.png"/>
    <link rel="shortcut icon" href="/images/logo-simple.png" type="image/png"/>
    <link rel="stylesheet" href="https://cdnjs.cloudflare.com/ajax/libs/normalize/8.0.1/normalize.min.css"/>
    <link rel="stylesheet" href="https://fonts.googleapis.com/css2?family=Open+Sans:ital,wght@0,400;0,600;0,700;1,400;1,600;1,700&display=swap"/>
    <link rel="stylesheet" href="http://localhost:8080/stylesheets/main.min.css?0"/>
    <link rel="alternate" type="application/rss+xml" title="Swift Package Index – Recently Added" href="http://localhost:8080/packages.rss"/>
    <link rel="alternate" type="application/rss+xml" title="Swift Package Index – Recent Releases" href="http://localhost:8080/releases.rss"/>
    <link rel="alternate" type="application/rss+xml" title="Swift Package Index – Recent Major Releases" href="http://localhost:8080/releases.rss?major=true"/>
    <link rel="alternate" type="application/rss+xml" title="Swift Package Index – Recent Major & Minor Releases" href="http://localhost:8080/releases.rss?major=true&minor=true"/>
    <link rel="alternate" type="application/rss+xml" title="Swift Package Index – Recent Pre-Releases" href="http://localhost:8080/releases.rss?pre=true"/>
    <script src="/javascripts/main.min.js?0"></script>
  </head>
  <body class="package">
    <div class="staging">Staging / Development</div>
    <header>
      <div class="inner">
        <a href="/">
          <h1>
            <img src="http://localhost:8080/images/logo.svg"/>Swift Package Index
          </h1>
        </a>
        <nav>
          <ul>
            <li>
              <a href="/add-a-package">Add a Package</a>
            </li>
            <li>
              <a href="/faq">FAQ</a>
            </li>
            <li>
              <a href="/">Search</a>
            </li>
          </ul>
        </nav>
      </div>
    </header>
    <main>
      <div class="inner">
        <div class="split">
          <div>
            <h2>Alamofire</h2>
            <small>
              <a id="package_url" href="https://github.com/Alamofire/Alamofire.git">https://github.com/Alamofire/Alamofire.git</a>
            </small>
          </div>
          <div class="license" title="MIT License">
            <i class="icon osi"></i>MIT
          </div>
        </div>
        <hr/>
        <p class="description">Lorem ipsum dolor sit amet, consectetur adipiscing elit. Quisque quis porttitor erat. Vivamus porttitor mi odio, quis imperdiet velit blandit id. Vivamus vehicula urna eget ipsum laoreet, sed porttitor sapien malesuada. Mauris faucibus tellus at augue vehicula, vitae aliquet felis ullamcorper. Praesent vitae leo rhoncus, egestas elit id, porttitor lacus. Cras ac bibendum mauris. Praesent luctus quis nulla sit amet tempus. Ut pharetra non augue sed pellentesque.</p>
        <section class="metadata">
          <ul>
            <li class="icon author">By 
              <a href="https://github.com/cnoon">Christian Noon</a>, 
              <a href="https://github.com/mattt">Mattt</a>, 
              <a href="https://github.com/jshier">Jon Shier</a>, 
              <a href="https://github.com/kcharwood">Kevin Harwood</a>, and 
              <a href="https://github.com/Alamofire/Alamofire/graphs/contributors">186 other contributors</a>.
            </li>
            <li class="icon history">In development for over 5 years, with 
              <a href="https://github.com/Alamofire/Alamofire/commits/main">1,433 commits</a> and 
              <a href="https://github.com/Alamofire/Alamofire/releases">79 releases</a>.
            </li>
            <li class="icon activity">There are 
              <a href="https://github.com/Alamofire/Alamofire/issues">27 open issues</a> and 
              <a href="https://github.com/Alamofire/Alamofire/pulls">5 open pull requests</a>. The last issue was closed 5 days ago and the last pull request was merged/closed 6 days ago.
            </li>
            <li class="icon products">Alamofire contains 
              <strong>3 libraries</strong> and 
              <strong>1 executable</strong>.
            </li>
            <li class="icon stars">17 stars.</li>
          </ul>
        </section>
        <hr class="short"></hr>
        <section class="releases">
          <ul>
            <li>The latest stable release is 
              <a href="https://github.com/Alamofire/Alamofire/releases/tag/5.2.0">
                <span class="stable">
                  <i class="icon stable"></i>5.2.0
                </span>
              </a>. Released 12 days ago.
            </li>
            <li>The latest beta release is 
              <a href="https://github.com/Alamofire/Alamofire/releases/tag/5.3.0-beta.1">
                <span class="beta">
                  <i class="icon beta"></i>5.3.0-beta.1
                </span>
              </a>. Released 4 days ago.
            </li>
            <li>The last commit to 
              <a href="https://github.com/Alamofire/Alamofire">
                <span class="branch">
                  <i class="icon branch"></i>main
                </span>
              </a> was 12 minutes ago.
            </li>
          </ul>
        </section>
        <section class="swift">
          <h3>Swift Version Compatibility</h3>
          <ul>
            <li class="reference">
              <div class="label">
                <div>
                  <div>
                    <span class="stable">
                      <i class="icon stable"></i>5.2.3
                    </span> and 
                    <span class="branch">
                      <i class="icon branch"></i>main
                    </span>
                  </div>
                </div>
              </div>
              <div class="compatibility">
                <div class="swift_versions">
                  <div>5.3
                    <small>(beta)</small>
                  </div>
                  <div>5.2
                    <small>(latest)</small>
                  </div>
                  <div>5.1</div>
                  <div>5.0</div>
                  <div>4.2</div>
                </div>
                <div class="build_statuses">
                  <div class="success" title="Built successfully with Swift 5.3">
                    <i class="icon build_success"></i>
                  </div>
                  <div class="success" title="Built successfully with Swift 5.2">
                    <i class="icon build_success"></i>
                  </div>
                  <div class="unknown" title="No build information available for Swift 5.1">
                    <i class="icon build_unknown"></i>
                  </div>
                  <div class="failed" title="Build failed with Swift 5.0">
                    <i class="icon build_failed"></i>
                  </div>
                  <div class="failed" title="Build failed with Swift 4.2">
                    <i class="icon build_failed"></i>
                  </div>
                </div>
              </div>
            </li>
            <li class="reference">
              <div class="label">
                <div>
                  <div>
                    <span class="stable">
                      <i class="icon stable"></i>5.2.3
                    </span> and 
                    <span class="branch">
                      <i class="icon branch"></i>main
                    </span>
                  </div>
                </div>
              </div>
              <div class="compatibility">
                <div class="swift_versions">
                  <div>5.3
                    <small>(beta)</small>
                  </div>
                  <div>5.2
                    <small>(latest)</small>
                  </div>
                  <div>5.1</div>
                  <div>5.0</div>
                  <div>4.2</div>
                </div>
                <div class="build_statuses">
                  <div class="success" title="Built successfully with Swift 5.3">
                    <i class="icon build_success"></i>
                  </div>
                  <div class="success" title="Built successfully with Swift 5.2">
                    <i class="icon build_success"></i>
                  </div>
                  <div class="unknown" title="No build information available for Swift 5.1">
                    <i class="icon build_unknown"></i>
                  </div>
                  <div class="failed" title="Build failed with Swift 5.0">
                    <i class="icon build_failed"></i>
                  </div>
                  <div class="failed" title="Build failed with Swift 4.2">
                    <i class="icon build_failed"></i>
                  </div>
                </div>
              </div>
            </li>
          </ul>
        </section>
        <section class="language_platforms">
          <h3>Language and Platforms</h3>
          <ul>
            <li>
              <p>Version 
                <a href="https://github.com/Alamofire/Alamofire/releases/tag/5.2.0">
                  <span class="stable">
                    <i class="icon stable"></i>5.2.0
                  </span>
                </a> supports:
              </p>
              <ul>
                <li>
                  <strong>iOS 10.0+</strong>, 
                  <strong>macOS 10.12+</strong>, 
                  <strong>watchOS 3.0+</strong>, and 
                  <strong>tvOS 10.0+</strong>.
                </li>
              </ul>
            </li>
            <li>
              <p>Versions 
                <a href="https://github.com/Alamofire/Alamofire/releases/tag/5.3.1-beta1">
                  <span class="beta">
                    <i class="icon beta"></i>5.3.1-beta.1
                  </span>
                </a> and 
                <a href="https://github.com/Alamofire/Alamofire">
                  <span class="branch">
                    <i class="icon branch"></i>main
                  </span>
                </a> support:
              </p>
              <ul>
                <li>
                  <strong>iOS 13.0+</strong>, 
                  <strong>macOS 10.15+</strong>, 
                  <strong>watchOS 6.0+</strong>, and 
                  <strong>tvOS 13.0+</strong>.
                </li>
              </ul>
            </li>
          </ul>
        </section>
      </div>
    </main>
    <footer>
      <div class="inner">
        <nav>
          <ul>
            <li>
              <a href="https://github.com/SwiftPackageIndex/SwiftPackageIndex-Server">GitHub</a>
            </li>
            <li>
              <a href="/privacy">Privacy and Cookies</a>
            </li>
            <li>
              <a href="https://twitter.com/swiftpackages">Twitter</a>
            </li>
          </ul>
          <small>
            <a href="https://macstadium.com/">Kindly hosted by MacStadium</a>
          </small>
        </nav>
      </div>
    </footer>
    <div class="staging">Staging / Development</div>
  </body>
</html>